
> medusa@1.0.0 build
> tsc

src/pages/AttackChains.tsx(29,97): error TS2559: Type '"POST"' has no properties in common with type 'RequestInit'.
src/pages/FindingDetail.tsx(66,114): error TS2339: Property 'finding_id' does not exist on type 'Finding'.
src/pages/FindingDetail.tsx(135,42): error TS2552: Cannot find name 'searchParams'. Did you mean 'URLSearchParams'?
